// Jest Snapshot v1, https://goo.gl/fbAQLP

exports[`ExpirationDateInput renders correctly 1`] = `
<div>
  <label>
    Expiration Date*
  </label>
  <select
    data-testid="expiry-month"
    id="card-expiry-month-manual-entry__keyed-entry-input"
    name="card-expiry-month-manual-entry__keyed-entry-input"
    onChange={[Function]}
    value={2020}
  >
    <option
      value={1}
    >
      1
    </option>
    <option
      value={2}
    >
      2
    </option>
    <option
      value={3}
    >
      3
    </option>
    <option
      value={4}
    >
      4
    </option>
    <option
      value={5}
    >
      5
    </option>
    <option
      value={6}
    >
      6
    </option>
    <option
      value={7}
    >
      7
    </option>
    <option
      value={8}
    >
      8
    </option>
    <option
      value={9}
    >
      9
    </option>
    <option
      value={10}
    >
      10
    </option>
    <option
      value={11}
    >
      11
    </option>
    <option
      value={12}
    >
      12
    </option>
  </select>
  <select
    data-testid="expiry-year"
    id="card-expiry-year-manual-entry__keyed-entry-input"
    name="card-expiry-year-manual-entry__keyed-entry-input"
    onChange={[Function]}
    value={2}
  >
    <option
      value={20}
    >
      20
    </option>
    <option
      value={21}
    >
      21
    </option>
    <option
      value={22}
    >
      22
    </option>
    <option
      value={23}
    >
      23
    </option>
    <option
      value={24}
    >
      24
    </option>
    <option
      value={25}
    >
      25
    </option>
    <option
      value={26}
    >
      26
    </option>
    <option
      value={27}
    >
      27
    </option>
    <option
      value={28}
    >
      28
    </option>
    <option
      value={29}
    >
      29
    </option>
    <option
      value={30}
    >
      30
    </option>
    <option
      value={31}
    >
      31
    </option>
    <option
      value={32}
    >
      32
    </option>
    <option
      value={33}
    >
      33
    </option>
    <option
      value={34}
    >
      34
    </option>
    <option
      value={35}
    >
      35
    </option>
    <option
      value={36}
    >
      36
    </option>
    <option
      value={37}
    >
      37
    </option>
    <option
      value={38}
    >
      38
    </option>
    <option
      value={39}
    >
      39
    </option>
    <option
      value={40}
    >
      40
    </option>
  </select>
</div>
`;
